[19-Dec-2025 17:14:31 Europe/Berlin] PHP Exception: Cannot access private property SolicitudMaterialModel::$db in C:\xampp\htdocs\Gestion-inventario\src\controllers\solicitudes_controller.php:64
[19-Dec-2025 17:15:26 Europe/Berlin] PHP Exception: Cannot access private property SolicitudMaterialModel::$db in C:\xampp\htdocs\Gestion-inventario\src\controllers\solicitudes_controller.php:64
[19-Dec-2025 17:27:06 Europe/Berlin] ✅ Actividad encontrada: 1
[19-Dec-2025 17:27:06 Europe/Berlin] ✅ Actividad asignada/creada: 1
[19-Dec-2025 17:29:00 Europe/Berlin] ✅ Actividad encontrada: 1
[19-Dec-2025 17:29:00 Europe/Berlin] ✅ Actividad asignada/creada: 1
[19-Dec-2025 17:47:15 Europe/Berlin] ✅ Actividad encontrada: 1
[19-Dec-2025 17:47:15 Europe/Berlin] ✅ Actividad asignada/creada: 1
[19-Dec-2025 18:47:33 Europe/Berlin] ✅ Solicitud 5 actualizada a Rechazada. Filas afectadas: 1
[19-Dec-2025 18:47:46 Europe/Berlin] ✅ Solicitud 4 actualizada a Aprobada. Filas afectadas: 1
[19-Dec-2025 18:47:53 Europe/Berlin] ✅ Solicitud 3 actualizada a Rechazada. Filas afectadas: 1
[19-Dec-2025 18:49:38 Europe/Berlin] ✅ Actividad encontrada: 1
[19-Dec-2025 18:49:38 Europe/Berlin] ✅ Actividad asignada/creada: 1
[19-Dec-2025 18:49:44 Europe/Berlin] ✅ Solicitud 6 actualizada a Aprobada. Filas afectadas: 1
[19-Dec-2025 18:50:06 Europe/Berlin] ✅ Actividad encontrada: 1
[19-Dec-2025 18:50:06 Europe/Berlin] ✅ Actividad asignada/creada: 1
[19-Dec-2025 18:50:13 Europe/Berlin] ✅ Solicitud 7 actualizada a Rechazada. Filas afectadas: 1
[13-Jan-2026 15:52:24 UTC] ✅ Solicitud 1 actualizada a Rechazada. Filas afectadas: 1
[13-Jan-2026 15:52:30 UTC] ✅ Solicitud 5 actualizada a Aprobada. Filas afectadas: 1
[13-Jan-2026 15:53:00 UTC] ✅ Solicitud 8 actualizada a Aprobada. Filas afectadas: 1
[14-Jan-2026 13:46:32 UTC] ✅ Solicitud 1 actualizada a Aprobada. Filas afectadas: 1
[14-Jan-2026 13:51:09 UTC] ✅ Solicitud 8 actualizada a Aprobada. Filas afectadas: 1
[14-Jan-2026 13:52:11 UTC] ✅ Solicitud 1 actualizada a Rechazada. Filas afectadas: 1
[14-Jan-2026 13:52:16 UTC] ✅ Solicitud 2 actualizada a Aprobada. Filas afectadas: 1
[14-Jan-2026 20:54:23 UTC] ✅ Solicitud 4 actualizada a Rechazada. Filas afectadas: 1
[14-Jan-2026 20:54:31 UTC] ✅ Solicitud 6 actualizada a Aprobada. Filas afectadas: 1
[14-Jan-2026 21:25:57 UTC] ✅ Solicitud 10 actualizada a Aprobada. Filas afectadas: 1
[14-Jan-2026 21:41:14 UTC] ✅ Solicitud 3 actualizada a Aprobada. Filas afectadas: 1
[14-Jan-2026 21:44:54 UTC] ✅ Solicitud 5 actualizada a Aprobada. Filas afectadas: 1
[14-Jan-2026 21:45:34 UTC] ✅ Solicitud 9 actualizada a Rechazada. Filas afectadas: 1
[16-Jan-2026 17:04:46 UTC] ⚠️ Fallback subbodegas: SQLSTATE[42S22]: Column not found: 1054 Unknown column 'nombre' in 'field list'
[16-Jan-2026 17:04:46 UTC] ❌ Error obtenerSubBodegas(): SQLSTATE[42S22]: Column not found: 1054 Unknown column 'id_sub_bodega' in 'field list'
[16-Jan-2026 17:05:33 UTC] ⚠️ Fallback subbodegas: SQLSTATE[42S22]: Column not found: 1054 Unknown column 'nombre' in 'field list'
[16-Jan-2026 17:05:33 UTC] ❌ Error obtenerSubBodegas(): SQLSTATE[42S22]: Column not found: 1054 Unknown column 'id_sub_bodega' in 'field list'
[16-Jan-2026 17:27:34 UTC] ❌ Error obtenerMaterialesFiltrados(): SQLSTATE[42S22]: Column not found: 1054 Unknown column 'sb.id_subbodega' in 'where clause'
[16-Jan-2026 17:29:13 UTC] ❌ Error obtenerMaterialesFiltrados(): SQLSTATE[42S22]: Column not found: 1054 Unknown column 'sb.id_subbodega' in 'where clause'
[16-Jan-2026 17:35:07 UTC] ❌ Error obtenerMaterialesFiltrados(): SQLSTATE[42S22]: Column not found: 1054 Unknown column 'sb.id_subbodega' in 'where clause'
[16-Jan-2026 17:45:17 UTC] ❌ Error obtenerMaterialesFiltrados(): SQLSTATE[42S22]: Column not found: 1054 Unknown column 'sb.id_subbodega' in 'where clause'
[16-Jan-2026 19:11:36 UTC] ❌ Error obtenerMaterialesFiltrados(): SQLSTATE[42S22]: Column not found: 1054 Unknown column 'sb.id_subbodega' in 'where clause'
[16-Jan-2026 19:29:30 UTC] ❌ Error obtenerMaterialesFiltrados(): SQLSTATE[42S22]: Column not found: 1054 Unknown column 'sb.id_subbodega' in 'where clause'
[16-Jan-2026 19:42:09 UTC] ❌ Error obtenerMaterialesFiltrados(): SQLSTATE[42S22]: Column not found: 1054 Unknown column 'sb.id_subbodega' in 'where clause'
[16-Jan-2026 19:48:06 UTC] 📝 Primera actividad creada con ID: 1
[16-Jan-2026 19:48:06 UTC] ✅ Actividad asignada/creada: 1
[16-Jan-2026 19:53:40 UTC] ✅ Solicitud 1 actualizada a Aprobada. Filas afectadas: 1
[16-Jan-2026 19:56:35 UTC] ✅ Actividad encontrada: 1
[16-Jan-2026 19:56:35 UTC] ✅ Actividad asignada/creada: 1
[16-Jan-2026 19:57:21 UTC] ❌ Error obtenerMaterialesFiltrados(): SQLSTATE[42S22]: Column not found: 1054 Unknown column 'sb.id_subbodega' in 'where clause'
[16-Jan-2026 19:57:53 UTC] ✅ Actividad encontrada: 1
[16-Jan-2026 19:57:53 UTC] ✅ Actividad asignada/creada: 1
[16-Jan-2026 19:57:55 UTC] ✅ Solicitud 3 actualizada a Aprobada. Filas afectadas: 1
[16-Jan-2026 19:58:12 UTC] ✅ Solicitud 2 actualizada a Rechazada. Filas afectadas: 1
[16-Jan-2026 20:00:50 UTC] ❌ Error obtenerMaterialesFiltrados(): SQLSTATE[42S22]: Column not found: 1054 Unknown column 'sb.id_subbodega' in 'where clause'
